// Jest Snapshot v1, https://goo.gl/fbAQLP

exports[`test AppFrame renders AppFrame with snapshot 1`] = `
<DocumentFragment>
  <div
    class="makeStyles-root-4"
  >
    <header
      class="MuiPaper-root MuiAppBar-root MuiAppBar-positionFixed MuiAppBar-colorPrimary makeStyles-appBar-6 mui-fixed MuiPaper-elevation4"
    >
      <div
        class="MuiToolbar-root MuiToolbar-regular justify-space-between MuiToolbar-gutters"
      >
        <a
          href="/"
        >
          <img
            alt="logo"
            height="48"
            src="logo.svg"
            width="48"
          />
        </a>
        <h6
          class="MuiTypography-root MuiTypography-h6"
        >
          Github Repositories Searching
        </h6>
      </div>
    </header>
    <div
      class="makeStyles-content-5"
    />
  </div>
</DocumentFragment>
`;
