// Jest Snapshot v1, https://goo.gl/fbAQLP

exports[`test Not Found renders NotFound with snapshot 1`] = `
<DocumentFragment>
  <main
    class="makeStyles-root-3 px-3 mt-9"
  >
    <section
      class="makeStyles-root-4 "
    >
      <div
        class="mt-2"
      >
        <h5
          class="MuiTypography-root MuiTypography-h5"
        >
          Page Not Found
        </h5>
      </div>
    </section>
  </main>
</DocumentFragment>
`;
